// Jest Snapshot v1, https://goo.gl/fbAQLP

exports[`CopyButtonElement should match snapshot and call lifecycle hook properly 1`] = `
<div>
  <div
    id="my-copy-button"
  />
</div>
`;

exports[`CopyButtonElement should render without optional props 1`] = `
<div>
  <div
    id="my-copy-button"
  />
</div>
`;
